// Jest Snapshot v1, https://goo.gl/fbAQLP

exports[`renders correctly 1`] = `
<Text
  style={
    [
      {
        "color": "#151718",
      },
      {
        "fontSize": 14,
        "lineHeight": 26,
      },
      undefined,
    ]
  }
>
  Snapshot test!
</Text>
`;
